// Jest Snapshot v1, https://goo.gl/fbAQLP

exports[`FormBuilder renders default value 1`] = `
.c1 {
  display: -webkit-box;
  display: -webkit-flex;
  display: -ms-flexbox;
  display: flex;
  box-sizing: border-box;
  max-width: 100%;
  grid-area: body;
  min-width: 0;
  min-height: 0;
  -webkit-flex-direction: column;
  -ms-flex-direction: column;
  flex-direction: column;
}

.c2 {
  display: -webkit-box;
  display: -webkit-flex;
  display: -ms-flexbox;
  display: flex;
  box-sizing: border-box;
  max-width: 100%;
  grid-area: no-area;
  min-width: 0;
  min-height: 0;
  -webkit-flex-direction: column;
  -ms-flex-direction: column;
  flex-direction: column;
  padding: 12px;
}

.c3 {
  display: -webkit-box;
  display: -webkit-flex;
  display: -ms-flexbox;
  display: flex;
  box-sizing: border-box;
  max-width: 100%;
  min-width: 0;
  min-height: 0;
  -webkit-flex-direction: column;
  -ms-flex-direction: column;
  flex-direction: column;
}

.c4 {
  display: -webkit-box;
  display: -webkit-flex;
  display: -ms-flexbox;
  display: flex;
  box-sizing: border-box;
  max-width: 100%;
  margin-bottom: 12px;
  min-width: 0;
  min-height: 0;
  -webkit-flex-direction: column;
  -ms-flex-direction: column;
  flex-direction: column;
}

.c9 {
  display: -webkit-box;
  display: -webkit-flex;
  display: -ms-flexbox;
  display: flex;
  box-sizing: border-box;
  max-width: 100%;
  margin-left: 12px;
  margin-right: 12px;
  margin-top: 6px;
  margin-bottom: 6px;
  min-width: 0;
  min-height: 0;
  -webkit-flex-direction: column;
  -ms-flex-direction: column;
  flex-direction: column;
}

.c5 {
  margin-left: 12px;
  margin-right: 12px;
  margin-top: 6px;
  margin-bottom: 6px;
  font-size: 18px;
  line-height: 24px;
}

.c0 {
  display: grid;
  box-sizing: border-box;
  width: 100%;
  height: 100%;
  grid-template-areas: "body" "actions";
  grid-template-columns: 1fr;
  grid-template-rows: 1fr 96px;
}

.c8 {
  box-sizing: border-box;
  font-size: inherit;
  font-family: inherit;
  border: none;
  -webkit-appearance: none;
  background: transparent;
  color: inherit;
  width: 100%;
  padding: 11px;
  font-weight: 600;
  margin: 0;
  border: 1px solid rgba(0,0,0,0.33);
  border-radius: 4px;
}

.c8:focus {
  outline: none;
  box-shadow: 0 0 2px 2px #6FFFB0;
}

.c8:focus > circle,
.c8:focus > ellipse,
.c8:focus > line,
.c8:focus > path,
.c8:focus > polygon,
.c8:focus > polyline,
.c8:focus > rect {
  outline: none;
  box-shadow: 0 0 2px 2px #6FFFB0;
}

.c8:focus::-moz-focus-inner {
  border: 0;
}

.c8::-webkit-input-placeholder {
  color: #AAAAAA;
}

.c8::-moz-placeholder {
  color: #AAAAAA;
}

.c8:-ms-input-placeholder {
  color: #AAAAAA;
}

.c8::-webkit-search-decoration {
  -webkit-appearance: none;
}

.c8::-moz-focus-inner {
  border: none;
  outline: none;
}

.c8:-moz-placeholder,
.c8::-moz-placeholder {
  opacity: 1;
}

.c7 {
  position: relative;
  width: 100%;
}

.c6 {
  width: 15em;
}

@media only screen and (max-width:768px) {
  .c2 {
    padding: 6px;
  }
}

@media only screen and (max-width:768px) {
  .c4 {
    margin-bottom: 6px;
  }
}

@media only screen and (max-width:768px) {
  .c9 {
    margin-left: 6px;
    margin-right: 6px;
  }
}

@media only screen and (max-width:768px) {
  .c9 {
    margin-top: 3px;
    margin-bottom: 3px;
  }
}

<div
  class=""
>
  <form
    fields="[object Object]"
  >
    <div
      class="c0"
    >
      <div
        class="c1"
      >
        <div
          class="c2"
        >
          <div
            class="c3"
          >
            <div
              class="c4 "
            >
              <label
                class="c5"
              >
                <label
                  class="c6"
                >
                  test
                </label>
              </label>
              <div
                class="c3 FormField__FormFieldContentBox-m9hood-1"
              >
                <div
                  class="c7"
                >
                  <input
                    autocomplete="off"
                    class="c8"
                    value="value1"
                  />
                </div>
              </div>
              <div
                class="c9"
                color="status-critical"
              />
            </div>
          </div>
        </div>
      </div>
    </div>
  </form>
</div>
`;
